// Jest Snapshot v1, https://goo.gl/fbAQLP

exports[`Title Debemos hacer un snapshop 1`] = `
<div>
  <h1>
    Hello world
  </h1>
</div>
`;
